[www.benjerry.com/about-us.html]
[www.benjerry.com/files/live/sites/systemsite/files/about-us/fb-og-aboutus.jpg]
[backblue.gif]
[fade.gif]
[index.html]
[www.benjerry.com/modules/bnj-templates/img/apple-touch-icon.png]
[www.benjerry.com/modules/bnj-templates/img/apple-touch-icon-72.png]
[www.benjerry.com/modules/bnj-templates/img/apple-touch-icon-114.png]
[www.benjerry.com/modules/bnj-templates/img/apple-touch-icon-144.png]
[www.benjerry.com/index.html]
[www.benjerry.com/modules/bnj-templates/css/build/v1020201810/style.min.css]
[www.google-analytics.com/analytics.js]
[cdn.pricespider.com/1/lib/ps-widget.js]
[assets.adobedtm.com/e21dfb008dab7987a37e05e0ce8e8f311baa4a2a/satelliteLib-deac3718fb4e421fa7fd3aa48f9db24c264ce15c.js]
[www.benjerry.com/modules/bnj-templates/img/logo-small.png]
[www.benjerry.com/ice-cream-near-me.html]
[www.benjerry.com/flavors.html]
[www.benjerry.com/flavors/non-dairy.html]
[www.benjerry.com/flavors/moophoria.html]
[www.benjerry.com/flavors/ice-cream-novelties.html]
[www.benjerry.com/flavors/special-stash.html]
[www.benjerry.com/flavors/new-flavors.html]
[www.benjerry.com/flavors/dough-time.html]
[www.benjerry.com/flavors/recipes.html]
[www.benjerry.com/ice-cream-near-mee7d6.html]
[www.benjerry.com/flavors/how-we-make-ice-cream.html]
[www.benjerry.com/flavors/flavor-gurus.html]
[www.benjerry.com/flavors/flavor-graveyard.html]
[www.benjerry.com/scoop-shops.html]
[www.benjerry.com/ice-cream-near-me5205.html]
[www.benjerry.com/scoop-shops/catering.html]
[www.benjerry.com/scoop-shops/cakes.html]
[www.benjerry.com/scoop-shops/franchise.html]
[www.benjerry.com/scoop-shops/free-cone-day.html]
[www.benjerry.com/values.html]
[www.benjerry.com/values/how-we-do-business.html]
[www.benjerry.com/values/issues-we-care-about.html]
[www.benjerry.com/about-us/how-were-structured.html]
[www.benjerry.com/about-us/factory-tours.html]
[www.benjerry.com/about-us/b-corp.html]
[www.benjerry.com/about-us/sear-reports.html]
[www.benjerry.com/about-us/our-k9-5ers.html]
[www.benjerry.com/whats-new.html]
[www.benjerry.com/ice-cream-near-me4851.html]
[www.benjerry.com/ice-cream-near-me9c41.html]
[www.benjerry.com/ice-cream-near-me/doughlivery.html]
[www.benjerry.com/files/live/sites/systemsite/files/about-us/1978.png]
[www.benjerry.com/files/live/sites/systemsite/files/about-us/1979.jpg]
[www.benjerry.com/files/live/sites/systemsite/files/about-us/1980.jpg]
[s7.addthis.com/js/300/addthis_widget.js]
[www.benjerry.com/files/live/sites/systemsite/files/about-us/1981.png]
[www.benjerry.com/files/live/sites/systemsite/files/about-us/1982.jpg]
[www.benjerry.com/files/live/sites/systemsite/files/about-us/1983.png]
[www.benjerry.com/files/live/sites/systemsite/files/about-us/1984.png]
[www.benjerry.com/files/live/sites/systemsite/files/about-us/1985.png]
[www.benjerry.com/files/live/sites/systemsite/files/about-us/1986.jpg]
[www.benjerry.com/files/live/sites/systemsite/files/about-us/1987.png]
[www.benjerry.com/files/live/sites/systemsite/files/about-us/1988.jpg]
[www.benjerry.com/files/live/sites/systemsite/files/about-us/1989.jpg]
[www.benjerry.com/files/live/sites/systemsite/files/about-us/1990.png]
[www.benjerry.com/files/live/sites/systemsite/files/about-us/1991.jpg]
[www.benjerry.com/files/live/sites/systemsite/files/about-us/1992.png]
[www.benjerry.com/files/live/sites/systemsite/files/about-us/1993.png]
[www.benjerry.com/files/live/sites/systemsite/files/about-us/1994.png]
[www.benjerry.com/files/live/sites/systemsite/files/about-us/1995.png]
[www.benjerry.com/files/live/sites/systemsite/files/about-us/1996.jpg]
[www.benjerry.com/files/live/sites/systemsite/files/about-us/1997.png]
[www.benjerry.com/files/live/sites/systemsite/files/about-us/1998.png]
[www.benjerry.com/files/live/sites/systemsite/files/about-us/1999.jpg]
[www.benjerry.com/files/live/sites/systemsite/files/about-us/2000.png]
[www.benjerry.com/files/live/sites/systemsite/files/about-us/2001.png]
[www.benjerry.com/files/live/sites/systemsite/files/about-us/2002.png]
[www.benjerry.com/files/live/sites/systemsite/files/about-us/2003.png]
[www.benjerry.com/files/live/sites/systemsite/files/about-us/2004.png]
[www.benjerry.com/files/live/sites/systemsite/files/about-us/2005.jpg]
[www.benjerry.com/files/live/sites/systemsite/files/about-us/2006.png]
[www.benjerry.com/files/live/sites/systemsite/files/about-us/2007.jpg]
[www.benjerry.com/files/live/sites/systemsite/files/about-us/2008.png]
[www.benjerry.com/files/live/sites/systemsite/files/about-us/2009.png]
[www.benjerry.com/files/live/sites/systemsite/files/about-us/2010.png]
[www.benjerry.com/files/live/sites/systemsite/files/about-us/2011.png]
[www.benjerry.com/files/live/sites/systemsite/files/about-us/2012.png]
[www.benjerry.com/files/live/sites/systemsite/files/about-us/2013.png]
[www.benjerry.com/files/live/sites/systemsite/files/about-us/2014-almond-milk-us.jpg]
[www.benjerry.com/files/live/sites/systemsite/files/about-us/2015-tonight-dough-us.jpg]
[www.benjerry.com/files/live/sites/systemsite/files/about-us/2016-non-dairy-us.jpg]
[www.benjerry.com/files/live/sites/systemsite/files/about-us/2017-slices-us-uk.jpg]
[www.benjerry.com/files/live/sites/systemsite/files/about-us/2018-moophoria-us.jpg]
[www.benjerry.com/modules/bnj-modules/javascript/slideshow-stack.js]
[www.benjerry.com/files/live/sites/systemsite/files/homepage/about.png]
[www.benjerry.com/files/live/sites/systemsite/files/about-us/b-corp/C_BCorp_logo_NEG.png]
[www.benjerry.com/about-us/contact-us.html]
[www.benjerry.com/files/live/sites/systemsite/files/homepage-redesign/footer/mailbox-thumb-b.jpg]
[www.benjerry.com/modules/bnj-forms/img/ajax-loader.gif]
[www.benjerry.com/files/live/sites/systemsite/files/homepage-redesign/footer/factory-tours-thumb.jpg]
[www.benjerry.com/about-us/media-center.html]
[www.benjerry.com/about-us/jobs.html]
[www.benjerry.com/about-us/terms-and-conditions.html]
[www.benjerry.com/sitemap.html]
[cdn.rawgit.com/scottjehl/picturefill/3.0.2/dist/picturefill.min.js]
[ajax.googleapis.com/ajax/libs/jqueryui/1.10.3/jquery-ui.min.js]
[www.benjerry.com/modules/bnj-templates/javascript/jquery.bxslider.js]
[www.benjerry.com/modules/bnj-templates/javascript/lib/lazyload.min.js]
[www.benjerry.com/modules/bnj-templates/javascript/build/v1020201810/script.min.js]
[www.google.com/recaptcha/apifc1a.js]
[www.benjerry.com/files/live/sites/systemsite/files/js/dtm-rules/us-dtm-rules.js]
[www.benjerry.com/about-us.html]
[ajax.googleapis.com/ajax/libs/jquery/2.1.4/jquery.min.js]
[www.benjerry.com/files/live/sites/systemsite/files/homepage-redesign/us-combined-updates/2018/Moo-phoria-new-feature-desktop.jpg]
[www.benjerry.com/files/live/sites/systemsite/files/homepage-redesign/us-combined-updates/2018/moo-phoria-new-feature-mobile.jpg]
[www.benjerry.com/whats-new/2018/09/local-government-quiz.html]
[www.benjerry.com/files/live/sites/systemsite/files/homepage-redesign/us-combined-updates/2018/local-govt-spotlight.jpg]
[www.benjerry.dk/index.html]
[www.benjerry.com/whats-new/2018/09/was-this-flavor-real]
[www.benjerry.de/index.html]
[www.benjerry.ch/index.html]
[www.benjerry.com/index.html]
[www.benjerry.com/modules/bnj-templates/css/fonts/en/chunk-rethunk-webfont-en.html]
[www.benjerry.com/modules/bnj-templates/css/fonts/en/chunk-rethunk-webfont-en-2.html]
[www.benjerry.com/modules/bnj-templates/css/fonts/en/chunk-rethunk-webfont-en-3.html]
[www.benjerry.com/modules/bnj-templates/css/fonts/en/severancethesequel-medium-webfont-en.html]
[www.benjerry.com/modules/bnj-templates/css/fonts/en/severancethesequel-medium-webfont-en-2.html]
[www.benjerry.com/modules/bnj-templates/css/fonts/en/severancethesequel-medium-webfont-en-3.html]
[www.benjerry.com/modules/bnj-templates/css/fonts/en/severancethesequel-regular-webfont-en.html]
[www.benjerry.com/modules/bnj-templates/css/fonts/en/severancethesequel-regular-webfont-en-2.html]
[www.benjerry.com/modules/bnj-templates/css/fonts/en/severancethesequel-regular-webfont-en-3.html]
[www.benjerry.com/modules/bnj-templates/css/fonts/en/proximanova-reg-webfont-en.html]
[www.benjerry.com/modules/bnj-templates/css/fonts/en/proximanova-reg-webfont-en-2.html]
[www.benjerry.com/modules/bnj-templates/css/fonts/en/proximanova-reg-webfont-en-3.html]
[www.benjerry.com/modules/ckeditor/javascript/index.html]
[www.benjerry.com/ice-cream-near-me.html]
[www.benjerry.com/flavors.html]
[www.benjerry.com/flavors/non-dairy.html]
[www.benjerry.com/flavors/moophoria.html]
[www.benjerry.com/flavors/ice-cream-novelties.html]
[www.benjerry.com/flavors/special-stash.html]
[www.benjerry.com/flavors/new-flavors.html]
[www.benjerry.com/flavors/dough-time.html]
[www.benjerry.com/flavors/recipes.html]
[www.benjerry.com/ice-cream-near-mee7d6.html]
[www.benjerry.com/flavors/how-we-make-ice-cream.html]
[www.benjerry.com/flavors/flavor-gurus.html]
[www.benjerry.com/flavors/flavor-graveyard.html]
[www.benjerry.com/scoop-shops.html]
[www.benjerry.com/ice-cream-near-me5205.html]
[www.benjerry.com/scoop-shops/catering.html]
[www.benjerry.com/scoop-shops/cakes.html]
[www.benjerry.com/scoop-shops/franchise.html]
[www.benjerry.com/scoop-shops/free-cone-day.html]
[www.benjerry.com/values.html]
[www.benjerry.com/values/how-we-do-business.html]
[www.benjerry.com/values/issues-we-care-about.html]
[www.benjerry.com/about-us/how-were-structured.html]
[www.benjerry.com/about-us/factory-tours.html]
[www.benjerry.com/about-us/b-corp.html]
[www.benjerry.com/about-us/sear-reports.html]
[www.benjerry.com/about-us/our-k9-5ers.html]
[www.benjerry.com/whats-new.html]
[www.benjerry.com/ice-cream-near-me4851.html]
[www.benjerry.com/ice-cream-near-me9c41.html]
[www.benjerry.com/ice-cream-near-me/doughlivery.html]
[www.benjerry.com/about-us/contact-us.html]
[www.benjerry.com/about-us/media-center.html]
[www.benjerry.com/about-us/jobs.html]
[www.benjerry.com/about-us/terms-and-conditions.html]
[www.benjerry.com/sitemap.html]
[www.benjerry.dk/index.html]
[www.benjerry.ch/index.html]
[www.benjerry.de/index.html]
[www.benjerry.at/index.html]
[www.benjerry.at/index.html]
[www.ben-jerry.gr/index.html]
[www.benandjerrys.ca/index.html]
[www.benjerry.co.uk/index.html]
[www.benjerry.ie/index.html]
[www.benjerry.com.sg/index.html]
[www.benandjerry.com.au/index.html]
[www.benjerry.co.nz/index.html]
[www.ben-jerrys.es/index.html]
[www.benandjerrys.com.mx/index.html]
[www.benjerry.pr/index.html]
[www.benjerry.fi/index.html]
[www.benjerry.be/index.html]
[www.benjerry.fr/index.html]
[www.benjerry.it/index.html]
[www.benjerry.jp/index.html]
[www.benjerry.nl/index.html]
[www.benjerry.no/index.html]
[www.benjerry.pl/index.html]
[www.benandjerry.com.br/index.html]
[www.benandjerrys.pt/index.html]
[www.benjerry.se/index.html]
[www.benjerry.co.th/index.html]
[www.benjerry.com/whats-new/2018/09/local-government-quiz.html]
[www.benjerry.com/whats-new/2018/09/was-this-flavor-real.html]
[www.benjerrys.cz/index.html]
[www.benjerry.com/modules/bnj-templates/img/favicon.html]
[www.benjerry.com/modules/bnj-templates/css/build/v1020201810/style.min.css]
[assets.adobedtm.com/e21dfb008dab7987a37e05e0ce8e8f311baa4a2a/satelliteLib-deac3718fb4e421fa7fd3aa48f9db24c264ce15c.js]
[www.benjerry.com/ice-cream-near-me.html]
[www.benjerry.com/about-us/media-center.html]
[www.benjerry.com/whats-new/2018/09/local-government-quiz.html]
[www.benjerry.com/whats-new/2018/09/was-this-flavor-real.html]
